---
source: crates/compiler/can/tests/test_suffixed.rs
expression: snapshot
snapshot_kind: text
---
Defs {
    tags: [
        EitherIndex(2147483648),
    ],
    regions: [
        @0-22,
    ],
    space_before: [
        Slice<roc_parse::ast::CommentOrNewline> { start: 0, length: 0 },
    ],
    space_after: [
        Slice<roc_parse::ast::CommentOrNewline> { start: 0, length: 1 },
    ],
    spaces: [
        Newline,
    ],
    type_defs: [],
    value_defs: [
        Body(
            @0-3 Identifier {
                ident: "run",
            },
            @6-22 Apply(
                @6-22 Var {
                    module_name: "Task",
                    ident: "await",
                },
                [
                    Var {
                        module_name: "",
                        ident: "nextMsg",
                    },
                    @6-22 Closure(
                        [
                            Identifier {
                                ident: "#!0_arg",
                            },
                        ],
                        @6-22 Apply(
                            @6-22 Var {
                                module_name: "",
                                ident: "line",
                            },
                            [
                                @13-21 ParensAround(
                                    Var {
                                        module_name: "",
                                        ident: "#!0_arg",
                                    },
                                ),
                            ],
                            Space,
                        ),
                    ),
                ],
                BangSuffix,
            ),
        ),
    ],
}
