---
source: crates/compiler/can/tests/test_suffixed.rs
expression: snapshot
---
Defs {
    tags: [
        EitherIndex(2147483648),
    ],
    regions: [
        @0-73,
    ],
    space_before: [
        Slice { start: 0, length: 0 },
    ],
    space_after: [
        Slice { start: 0, length: 0 },
    ],
    spaces: [],
    type_defs: [],
    value_defs: [
        Body(
            @0-4 Identifier {
                ident: "main",
            },
            @11-73 Defs(
                Defs {
                    tags: [
                        EitherIndex(2147483648),
                    ],
                    regions: [
                        @11-57,
                    ],
                    space_before: [
                        Slice { start: 0, length: 0 },
                    ],
                    space_after: [
                        Slice { start: 0, length: 0 },
                    ],
                    spaces: [],
                    type_defs: [],
                    value_defs: [
                        Stmt(
                            @11-57 BinOps(
                                [
                                    (
                                        @11-18 SpaceAfter(
                                            Str(
                                                PlainLine(
                                                    "hello",
                                                ),
                                            ),
                                            [
                                                Newline,
                                            ],
                                        ),
                                        @23-25 Pizza,
                                    ),
                                    (
                                        @26-44 SpaceAfter(
                                            Apply(
                                                @26-36 Var {
                                                    module_name: "Str",
                                                    ident: "concat",
                                                },
                                                [
                                                    @37-44 Str(
                                                        PlainLine(
                                                            "world",
                                                        ),
                                                    ),
                                                ],
                                                Space,
                                            ),
                                            [
                                                Newline,
                                            ],
                                        ),
                                        @49-51 Pizza,
                                    ),
                                ],
                                @52-57 Var {
                                    module_name: "",
                                    ident: "line!",
                                },
                            ),
                        ),
                    ],
                },
                @63-73 Apply(
                    @63-70 Var {
                        module_name: "Task",
                        ident: "ok",
                    },
                    [
                        @71-73 Record(
                            [],
                        ),
                    ],
                    Space,
                ),
            ),
        ),
    ],
}
