New type variable: {FlexVar(null), rank: 0, mark: NONE, copy: null}
New type variable: {FlexVar(null), rank: 0, mark: NONE, copy: null}
New type variable: {FlexVar(null), rank: 0, mark: NONE, copy: null}
New type variable: {FlexVar(null), rank: 0, mark: NONE, copy: null}
==================== START Unification Table ====================
Var 0: {FlexVar(null), rank: 0, mark: NONE, copy: null}
Var 1: {FlexVar(null), rank: 0, mark: NONE, copy: null}
Var 2: {FlexVar(null), rank: 0, mark: NONE, copy: null}
Var 3: {FlexVar(null), rank: 0, mark: NONE, copy: null}
==================== END Unification Table ====================
Unifying 0 <- 1
Unifying 1 <- 2
Unifying 2 <- 3
Root for variable 3: 0
==================== START Unification Table ====================
Var 0: {FlexVar(null), rank: 0, mark: NONE, copy: null}
Var 1: {FlexVar(null), rank: 0, mark: NONE, copy: null} → 0
Var 2: {FlexVar(null), rank: 0, mark: NONE, copy: null} → 0
Var 3: {FlexVar(null), rank: 0, mark: NONE, copy: null} → 0
Class with root 0:
  0
  1 → 0
  2 → 0
  3 → 0
==================== END Unification Table ====================
