=== MINICI ORCHESTRATOR ===
MiniCI  1/75: Building CI steps ... 
MiniCI  1/75: still running `build-ci` after 30.0s
MiniCI  1/75: still running `build-ci` after 60.0s
MiniCI  1/75: still running `build-ci` after 90.0s
MiniCI  1/75: still running `build-ci` after 120.0s
MiniCI  1/75: still running `build-ci` after 150.0s
MiniCI  1/75: still running `build-ci` after 180.0s
MiniCI  1/75: still running `build-ci` after 210.1s
MiniCI  1/75: still running `build-ci` after 240.1s
MiniCI  1/75: Building CI steps ... completed in 268.399s
MiniCI  2/75: Running `run-check-zig-format` ... passed in 0.369s
MiniCI  3/75: Running `run-check-zig-lints` ... passed in 1.953s
MiniCI  4/75: Running `run-check-tidy` ... failed in 5.536s
  --- output from `run-check-tidy` ---
  | run-check-tidy
  | +- run exe tidy failure
  | error: process exited with error code 1
  ... (extracted error; full log: `zig-out/minici/logs/run-check-tidy.txt`) ...
  --- end output ---
  Re-run failed step: `zig build run-check-tidy --summary all --color off`
  Log: `zig-out/minici/logs/run-check-tidy.txt`
MiniCI summary: 4/75 phases ran; 3 passed, 1 failed, 0 crashed, 0 skipped, 71 not run; wall 277.071s
minici
+- run exe minici failure
error: process exited with error code 1
failed command: /home/lbw/Documents/Github/roc-worktrees/dedicated-repl-wasm/zig-out/bin/minici /home/lbw/Documents/zig-x86_64-linux-0.16.0/zig

Build Summary: 3/5 steps succeeded (1 failed)
minici transitive failure
+- run exe minici failure

error: the following build command failed with exit code 1:
.zig-cache/o/c644a083b5bcec5eee9753abbc948a2d/build /home/lbw/Documents/zig-x86_64-linux-0.16.0/zig /home/lbw/Documents/zig-x86_64-linux-0.16.0/lib /home/lbw/Documents/Github/roc-worktrees/dedicated-repl-wasm .zig-cache /home/lbw/.cache/zig --seed 0x704d2718 -Z9709381e45c7705d minici
