---
source: crates/cli/tests/cli_tests.rs
assertion_line: 1322
snapshot_kind: text
---

── MISSING DEFINITION in tests\test-projects\known_bad\ExposedNotDefined.roc ───

bar is listed as exposed, but it isn't defined in this module.

You can fix this by adding a definition for bar, or by removing it
from exposes.

────────────────────────────────────────────────────────────────────────────────

1 error and 0 warning found in <ignored for test> ms
