---
source: crates/cli/tests/cli_tests.rs
expression: out.normalize_stdout_and_stderr()
---
(@Community {friends: [{2}, {2}, {0, 1}], people: [(@Person {age: 27, favoriteColor: Blue, firstName: \"John\", hasBeard: Bool.true, lastName: \"Smith\"}), (@Person {age: 47, favoriteColor: Green, firstName: \"Debby\", hasBeard: Bool.false, lastName: \"Johnson\"}), (@Person {age: 33, favoriteColor: (RGB (255, 255, 0)), firstName: \"Jane\", hasBeard: Bool.false, lastName: \"Doe\"})]})
