---
source: crates/cli/tests/cli_tests.rs
assertion_line: 1306
snapshot_kind: text
---

── UNUSED IMPORT in ...nown_bad\UnusedImportButWithALongFileNameForTesting.roc ─

Symbol is imported but not used.

3│  import Symbol exposing [Ident]
    ^^^^^^^^^^^^^^^^^^^^^^^^^^^^^^

Since Symbol isn't used, you don't need to import it.

────────────────────────────────────────────────────────────────────────────────

0 error and 1 warning found in <ignored for test> ms
